// Jest Snapshot v1, https://goo.gl/fbAQLP

exports[`should render Header component 1`] = `
<div
  className="header"
>
  <div
    className="container"
  >
    <h1
      className="header__title"
    >
      Indecision App
    </h1>
  </div>
</div>
`;
