// Jest Snapshot v1, https://goo.gl/fbAQLP

exports[`should render OptionModal component 1`] = `
<Modal
  ariaHideApp={true}
  bodyOpenClassName="ReactModal__Body--open"
  className="modal"
  closeTimeoutMS={200}
  contentLabel="Selected Option"
  isOpen={false}
  parentSelector={[Function]}
  portalClassName="ReactModalPortal"
  role="dialog"
  shouldCloseOnEsc={true}
  shouldCloseOnOverlayClick={true}
  shouldFocusAfterRender={true}
  shouldReturnFocusAfterClose={true}
>
  <h2
    className="modal__title"
  >
    Selected Option
  </h2>
  <button
    className="button"
  >
    Okay
  </button>
</Modal>
`;
