// Jest Snapshot v1, https://goo.gl/fbAQLP

exports[`should render Option component 1`] = `
<div
  className="option"
>
  <p
    className="option__text"
  />
  <button
    className="button button--link"
    onClick={[Function]}
  >
    Remove
  </button>
</div>
`;
